// Jest Snapshot v1, https://goo.gl/fbAQLP

exports[`Login renders 1`] = `
Object {
  "asFragment": [Function],
  "baseElement": <body>
    <div>
      <div
        class="sc-dkrFOg sc-hLBbgP zJZJp dpQFSz"
      >
        <span
          class="sc-eDvSVe gFwEKQ"
        >
          <span>
            <svg
              class="sc-ftTHYK cTEWnM"
              color="#333"
              data-testid="icon-Logo"
              fill="#333"
              height="100px"
              viewBox="0 0 100 100"
              width="100px"
              xmlns="http://www.w3.org/2000/svg"
            >
              <rect
                fill="#152A79"
                height="100"
                rx="25"
                width="100"
              />
              <path
                d="M13 73V33.5L23.5 26.5V46.5V67.5L38.5 75.5V87.5L13 73Z"
                fill="#FEFEFE"
                stroke="#FEFEFE"
              />
              <path
                d="M28 66.5L38.5 72V34H40L52.5 43V58L43 53.5V64.5L55 72L81 56V24.5L55 9L28 24.5V66.5Z"
                fill="#FEFEFE"
                stroke="#FEFEFE"
              />
              <path
                d="M69.5 34.5L57 42V57.5L70.5 49V34L69.5 34.5Z"
                fill="#152A79"
                stroke="#152A79"
              />
              <path
                d="M54 22L42 30L54 38L67 30L54 22Z"
                fill="#152A79"
                stroke="#152A79"
              />
            </svg>
          </span>
        </span>
        <h1>
          Track your order
        </h1>
        <p>
          Enter your order number and zip code combination to see the order details and shipping updates
        </p>
        <form>
          <div
            class="sc-gKPRtg hUQkau"
          >
            <label
              for="ordernumber"
            >
              Order Number
            </label>
            <input
              class="sc-jSUZER dbOMJk"
              data-testid="ordernumber"
              id="ordernumber"
              type="text"
              value=""
            />
          </div>
          <div
            class="sc-gKPRtg hUQkau"
          >
            <label
              for="zipcode"
            >
              Zip Code
            </label>
            <input
              class="sc-jSUZER dbOMJk"
              data-testid="zipcode"
              id="zipcode"
              type="text"
              value=""
            />
          </div>
          <button
            class="sc-iBYQkv fgwwGD"
            disabled=""
          >
            <span>
              Track
            </span>
          </button>
        </form>
      </div>
    </div>
  </body>,
  "container": <div>
    <div
      class="sc-dkrFOg sc-hLBbgP zJZJp dpQFSz"
    >
      <span
        class="sc-eDvSVe gFwEKQ"
      >
        <span>
          <svg
            class="sc-ftTHYK cTEWnM"
            color="#333"
            data-testid="icon-Logo"
            fill="#333"
            height="100px"
            viewBox="0 0 100 100"
            width="100px"
            xmlns="http://www.w3.org/2000/svg"
          >
            <rect
              fill="#152A79"
              height="100"
              rx="25"
              width="100"
            />
            <path
              d="M13 73V33.5L23.5 26.5V46.5V67.5L38.5 75.5V87.5L13 73Z"
              fill="#FEFEFE"
              stroke="#FEFEFE"
            />
            <path
              d="M28 66.5L38.5 72V34H40L52.5 43V58L43 53.5V64.5L55 72L81 56V24.5L55 9L28 24.5V66.5Z"
              fill="#FEFEFE"
              stroke="#FEFEFE"
            />
            <path
              d="M69.5 34.5L57 42V57.5L70.5 49V34L69.5 34.5Z"
              fill="#152A79"
              stroke="#152A79"
            />
            <path
              d="M54 22L42 30L54 38L67 30L54 22Z"
              fill="#152A79"
              stroke="#152A79"
            />
          </svg>
        </span>
      </span>
      <h1>
        Track your order
      </h1>
      <p>
        Enter your order number and zip code combination to see the order details and shipping updates
      </p>
      <form>
        <div
          class="sc-gKPRtg hUQkau"
        >
          <label
            for="ordernumber"
          >
            Order Number
          </label>
          <input
            class="sc-jSUZER dbOMJk"
            data-testid="ordernumber"
            id="ordernumber"
            type="text"
            value=""
          />
        </div>
        <div
          class="sc-gKPRtg hUQkau"
        >
          <label
            for="zipcode"
          >
            Zip Code
          </label>
          <input
            class="sc-jSUZER dbOMJk"
            data-testid="zipcode"
            id="zipcode"
            type="text"
            value=""
          />
        </div>
        <button
          class="sc-iBYQkv fgwwGD"
          disabled=""
        >
          <span>
            Track
          </span>
        </button>
      </form>
    </div>
  </div>,
  "debug": [Function],
  "findAllByAltText": [Function],
  "findAllByDisplayValue": [Function],
  "findAllByLabelText": [Function],
  "findAllByPlaceholderText": [Function],
  "findAllByRole": [Function],
  "findAllByTestId": [Function],
  "findAllByText": [Function],
  "findAllByTitle": [Function],
  "findByAltText": [Function],
  "findByDisplayValue": [Function],
  "findByLabelText": [Function],
  "findByPlaceholderText": [Function],
  "findByRole": [Function],
  "findByTestId": [Function],
  "findByText": [Function],
  "findByTitle": [Function],
  "getAllByAltText": [Function],
  "getAllByDisplayValue": [Function],
  "getAllByLabelText": [Function],
  "getAllByPlaceholderText": [Function],
  "getAllByRole": [Function],
  "getAllByTestId": [Function],
  "getAllByText": [Function],
  "getAllByTitle": [Function],
  "getByAltText": [Function],
  "getByDisplayValue": [Function],
  "getByLabelText": [Function],
  "getByPlaceholderText": [Function],
  "getByRole": [Function],
  "getByTestId": [Function],
  "getByText": [Function],
  "getByTitle": [Function],
  "queryAllByAltText": [Function],
  "queryAllByDisplayValue": [Function],
  "queryAllByLabelText": [Function],
  "queryAllByPlaceholderText": [Function],
  "queryAllByRole": [Function],
  "queryAllByTestId": [Function],
  "queryAllByText": [Function],
  "queryAllByTitle": [Function],
  "queryByAltText": [Function],
  "queryByDisplayValue": [Function],
  "queryByLabelText": [Function],
  "queryByPlaceholderText": [Function],
  "queryByRole": [Function],
  "queryByTestId": [Function],
  "queryByText": [Function],
  "queryByTitle": [Function],
  "rerender": [Function],
  "unmount": [Function],
}
`;

exports[`Login renders 2`] = `
Object {
  "asFragment": [Function],
  "baseElement": <body>
    <div>
      <div
        class="sc-dkrFOg sc-hLBbgP zJZJp dpQFSz"
      >
        <span
          class="sc-eDvSVe gFwEKQ"
        >
          <span>
            <svg
              class="sc-ftTHYK cTEWnM"
              color="#333"
              data-testid="icon-Logo"
              fill="#333"
              height="100px"
              viewBox="0 0 100 100"
              width="100px"
              xmlns="http://www.w3.org/2000/svg"
            >
              <rect
                fill="#152A79"
                height="100"
                rx="25"
                width="100"
              />
              <path
                d="M13 73V33.5L23.5 26.5V46.5V67.5L38.5 75.5V87.5L13 73Z"
                fill="#FEFEFE"
                stroke="#FEFEFE"
              />
              <path
                d="M28 66.5L38.5 72V34H40L52.5 43V58L43 53.5V64.5L55 72L81 56V24.5L55 9L28 24.5V66.5Z"
                fill="#FEFEFE"
                stroke="#FEFEFE"
              />
              <path
                d="M69.5 34.5L57 42V57.5L70.5 49V34L69.5 34.5Z"
                fill="#152A79"
                stroke="#152A79"
              />
              <path
                d="M54 22L42 30L54 38L67 30L54 22Z"
                fill="#152A79"
                stroke="#152A79"
              />
            </svg>
          </span>
        </span>
        <h1>
          Track your order
        </h1>
        <p>
          Enter your order number and zip code combination to see the order details and shipping updates
        </p>
        <form>
          <div
            class="sc-gKPRtg hUQkau"
          >
            <label
              for="ordernumber"
            >
              Order Number
            </label>
            <input
              class="sc-jSUZER dbOMJk"
              data-testid="ordernumber"
              id="ordernumber"
              type="text"
              value=""
            />
          </div>
          <div
            class="sc-gKPRtg hUQkau"
          >
            <label
              for="zipcode"
            >
              Zip Code
            </label>
            <input
              class="sc-jSUZER dbOMJk"
              data-testid="zipcode"
              id="zipcode"
              type="text"
              value=""
            />
          </div>
          <button
            class="sc-iBYQkv fgwwGD"
            disabled=""
          >
            <span>
              Track
            </span>
          </button>
        </form>
      </div>
    </div>
  </body>,
  "container": <div>
    <div
      class="sc-dkrFOg sc-hLBbgP zJZJp dpQFSz"
    >
      <span
        class="sc-eDvSVe gFwEKQ"
      >
        <span>
          <svg
            class="sc-ftTHYK cTEWnM"
            color="#333"
            data-testid="icon-Logo"
            fill="#333"
            height="100px"
            viewBox="0 0 100 100"
            width="100px"
            xmlns="http://www.w3.org/2000/svg"
          >
            <rect
              fill="#152A79"
              height="100"
              rx="25"
              width="100"
            />
            <path
              d="M13 73V33.5L23.5 26.5V46.5V67.5L38.5 75.5V87.5L13 73Z"
              fill="#FEFEFE"
              stroke="#FEFEFE"
            />
            <path
              d="M28 66.5L38.5 72V34H40L52.5 43V58L43 53.5V64.5L55 72L81 56V24.5L55 9L28 24.5V66.5Z"
              fill="#FEFEFE"
              stroke="#FEFEFE"
            />
            <path
              d="M69.5 34.5L57 42V57.5L70.5 49V34L69.5 34.5Z"
              fill="#152A79"
              stroke="#152A79"
            />
            <path
              d="M54 22L42 30L54 38L67 30L54 22Z"
              fill="#152A79"
              stroke="#152A79"
            />
          </svg>
        </span>
      </span>
      <h1>
        Track your order
      </h1>
      <p>
        Enter your order number and zip code combination to see the order details and shipping updates
      </p>
      <form>
        <div
          class="sc-gKPRtg hUQkau"
        >
          <label
            for="ordernumber"
          >
            Order Number
          </label>
          <input
            class="sc-jSUZER dbOMJk"
            data-testid="ordernumber"
            id="ordernumber"
            type="text"
            value=""
          />
        </div>
        <div
          class="sc-gKPRtg hUQkau"
        >
          <label
            for="zipcode"
          >
            Zip Code
          </label>
          <input
            class="sc-jSUZER dbOMJk"
            data-testid="zipcode"
            id="zipcode"
            type="text"
            value=""
          />
        </div>
        <button
          class="sc-iBYQkv fgwwGD"
          disabled=""
        >
          <span>
            Track
          </span>
        </button>
      </form>
    </div>
  </div>,
  "debug": [Function],
  "findAllByAltText": [Function],
  "findAllByDisplayValue": [Function],
  "findAllByLabelText": [Function],
  "findAllByPlaceholderText": [Function],
  "findAllByRole": [Function],
  "findAllByTestId": [Function],
  "findAllByText": [Function],
  "findAllByTitle": [Function],
  "findByAltText": [Function],
  "findByDisplayValue": [Function],
  "findByLabelText": [Function],
  "findByPlaceholderText": [Function],
  "findByRole": [Function],
  "findByTestId": [Function],
  "findByText": [Function],
  "findByTitle": [Function],
  "getAllByAltText": [Function],
  "getAllByDisplayValue": [Function],
  "getAllByLabelText": [Function],
  "getAllByPlaceholderText": [Function],
  "getAllByRole": [Function],
  "getAllByTestId": [Function],
  "getAllByText": [Function],
  "getAllByTitle": [Function],
  "getByAltText": [Function],
  "getByDisplayValue": [Function],
  "getByLabelText": [Function],
  "getByPlaceholderText": [Function],
  "getByRole": [Function],
  "getByTestId": [Function],
  "getByText": [Function],
  "getByTitle": [Function],
  "queryAllByAltText": [Function],
  "queryAllByDisplayValue": [Function],
  "queryAllByLabelText": [Function],
  "queryAllByPlaceholderText": [Function],
  "queryAllByRole": [Function],
  "queryAllByTestId": [Function],
  "queryAllByText": [Function],
  "queryAllByTitle": [Function],
  "queryByAltText": [Function],
  "queryByDisplayValue": [Function],
  "queryByLabelText": [Function],
  "queryByPlaceholderText": [Function],
  "queryByRole": [Function],
  "queryByTestId": [Function],
  "queryByText": [Function],
  "queryByTitle": [Function],
  "rerender": [Function],
  "unmount": [Function],
}
`;
